Archive member included to satisfy reference by file (symbol)

d:/gcc_arm/12.2 rel1/bin/../lib/gcc/arm-none-eabi/12.2.1/thumb/v7e-m+dp/hard\libgcc.a(_aeabi_uldivmod.o)
                              build/Drivers/STM32H7xx_HAL_Driver/Src/stm32h7xx_hal_uart.o (__aeabi_uldivmod)
d:/gcc_arm/12.2 rel1/bin/../lib/gcc/arm-none-eabi/12.2.1/thumb/v7e-m+dp/hard\libgcc.a(_udivmoddi4.o)
                              d:/gcc_arm/12.2 rel1/bin/../lib/gcc/arm-none-eabi/12.2.1/thumb/v7e-m+dp/hard\libgcc.a(_aeabi_uldivmod.o) (__udivmoddi4)
d:/gcc_arm/12.2 rel1/bin/../lib/gcc/arm-none-eabi/12.2.1/thumb/v7e-m+dp/hard\libgcc.a(_dvmd_tls.o)
                              d:/gcc_arm/12.2 rel1/bin/../lib/gcc/arm-none-eabi/12.2.1/thumb/v7e-m+dp/hard\libgcc.a(_aeabi_uldivmod.o) (__aeabi_ldiv0)
d:/gcc_arm/12.2 rel1/bin/../lib/gcc/arm-none-eabi/12.2.1/thumb/v7e-m+dp/hard\libc_nano.a(libc_a-memset.o)
                              build/src/main.o (memset)
d:/gcc_arm/12.2 rel1/bin/../lib/gcc/arm-none-eabi/12.2.1/thumb/v7e-m+dp/hard\libc_nano.a(libc_a-errno.o)
                              build/src/syscalls.o (__errno)
d:/gcc_arm/12.2 rel1/bin/../lib/gcc/arm-none-eabi/12.2.1/thumb/v7e-m+dp/hard\libc_nano.a(libc_a-init.o)
                              build/startup/startup_stm32h743xx.o (__libc_init_array)
d:/gcc_arm/12.2 rel1/bin/../lib/gcc/arm-none-eabi/12.2.1/thumb/v7e-m+dp/hard\libc_nano.a(libc_a-memcpy-stub.o)
                              build/Drivers/STM32H7xx_HAL_Driver/Src/stm32h7xx_hal_fdcan.o (memcpy)
d:/gcc_arm/12.2 rel1/bin/../lib/gcc/arm-none-eabi/12.2.1/thumb/v7e-m+dp/hard\libc_nano.a(libc_a-impure.o)
                              d:/gcc_arm/12.2 rel1/bin/../lib/gcc/arm-none-eabi/12.2.1/thumb/v7e-m+dp/hard\libc_nano.a(libc_a-errno.o) (_impure_ptr)

Discarded input sections

 .group         0x00000000        0xc build/src/main.o
 .group         0x00000000        0xc build/src/main.o
 .group         0x00000000        0xc build/src/main.o
 .group         0x00000000        0xc build/src/main.o
 .group         0x00000000        0xc build/src/main.o
 .group         0x00000000        0xc build/src/main.o
 .group         0x00000000        0xc build/src/main.o
 .group         0x00000000        0xc build/src/main.o
 .group         0x00000000        0xc build/src/main.o
 .group         0x00000000        0xc build/src/main.o
 .group         0x00000000        0xc build/src/main.o
 .group         0x00000000        0xc build/src/main.o
 .group         0x00000000        0xc build/src/main.o
 .group         0x00000000        0xc build/src/main.o
 .group         0x00000000        0xc build/src/main.o
 .group         0x00000000        0xc build/src/main.o
 .group         0x00000000        0xc build/src/main.o
 .group         0x00000000        0xc build/src/main.o
 .group         0x00000000        0xc build/src/main.o
 .group         0x00000000        0xc build/src/main.o
 .group         0x00000000        0xc build/src/main.o
 .group         0x00000000        0xc build/src/main.o
 .group         0x00000000        0xc build/src/main.o
 .group         0x00000000        0xc build/src/main.o
 .group         0x00000000        0xc build/src/main.o
 .group         0x00000000        0xc build/src/main.o
 .group         0x00000000        0xc build/src/main.o
 .group         0x00000000        0xc build/src/main.o
 .group         0x00000000        0xc build/src/main.o
 .group         0x00000000        0xc build/src/main.o
 .group         0x00000000        0xc build/src/main.o
 .group         0x00000000        0xc build/src/main.o
 .group         0x00000000        0xc build/src/main.o
 .group         0x00000000        0xc build/src/main.o
 .group         0x00000000        0xc build/src/main.o
 .group         0x00000000        0xc build/src/main.o
 .group         0x00000000        0xc build/src/main.o
 .group         0x00000000        0xc build/src/main.o
 .group         0x00000000        0xc build/src/main.o
 .group         0x00000000        0xc build/src/main.o
 .group         0x00000000        0xc build/src/main.o
 .group         0x00000000        0xc build/src/main.o
 .group         0x00000000        0xc build/src/main.o
 .group         0x00000000        0xc build/src/main.o
 .group         0x00000000        0xc build/src/main.o
 .group         0x00000000        0xc build/src/main.o
 .group         0x00000000        0xc build/src/main.o
 .group         0x00000000        0xc build/src/main.o
 .group         0x00000000        0xc build/src/main.o
 .group         0x00000000        0xc build/src/main.o
 .group         0x00000000        0xc build/src/main.o
 .group         0x00000000        0xc build/src/main.o
 .group         0x00000000        0xc build/src/main.o
 .text          0x00000000        0x0 build/src/main.o
 .data          0x00000000        0x0 build/src/main.o
 .bss           0x00000000        0x0 build/src/main.o
 .text.SystemClock_Config
                0x00000000       0xf8 build/src/main.o
[...]
Memory Configuration

Name             Origin             Length             Attributes
DTCMRAM          0x20000000         0x00020000         xrw
RAM              0x24000000         0x00080000         xrw
RAM_D2           0x30000000         0x00048000         xrw
RAM_D3           0x38000000         0x00010000         xrw
ITCMRAM          0x00000000         0x00010000         xrw
FLASH            0x08000000         0x00200000         xr
*default*        0x00000000         0xffffffff

Linker script and memory map

LOAD build/src/main.o
LOAD build/src/system_stm32h7xx.o
LOAD build/src/syscalls.o
LOAD build/src/sysmem.o
LOAD build/src/gpio.o
LOAD build/src/dma.o
LOAD build/src/fdcan.o
LOAD build/src/usart.o
LOAD build/src/stm32h7xx_it.o
LOAD build/src/stm32h7xx_hal_msp.o
LOAD build/src/memorymap.o
LOAD build/Drivers/STM32H7xx_HAL_Driver/Src/stm32h7xx_hal.o
LOAD build/Drivers/STM32H7xx_HAL_Driver/Src/stm32h7xx_hal_cortex.o
LOAD build/Drivers/STM32H7xx_HAL_Driver/Src/stm32h7xx_hal_rcc.o
LOAD build/Drivers/STM32H7xx_HAL_Driver/Src/stm32h7xx_hal_rcc_ex.o
LOAD build/Drivers/STM32H7xx_HAL_Driver/Src/stm32h7xx_hal_pwr.o
LOAD build/Drivers/STM32H7xx_HAL_Driver/Src/stm32h7xx_hal_pwr_ex.o
LOAD build/Drivers/STM32H7xx_HAL_Driver/Src/stm32h7xx_hal_flash.o
LOAD build/Drivers/STM32H7xx_HAL_Driver/Src/stm32h7xx_hal_gpio.o
LOAD build/Drivers/STM32H7xx_HAL_Driver/Src/stm32h7xx_hal_fdcan.o
LOAD build/Drivers/STM32H7xx_HAL_Driver/Src/stm32h7xx_hal_uart.o
LOAD build/Drivers/STM32H7xx_HAL_Driver/Src/stm32h7xx_hal_uart_ex.o
LOAD build/Drivers/STM32H7xx_HAL_Driver/Src/stm32h7xx_hal_dma.o
LOAD build/startup/startup_stm32h743xx.o
LOAD d:/gcc_arm/12.2 rel1/bin/../lib/gcc/arm-none-eabi/12.2.1/thumb/v7e-m+dp/hard\libm.a
START GROUP
LOAD d:/gcc_arm/12.2 rel1/bin/../lib/gcc/arm-none-eabi/12.2.1/thumb/v7e-m+dp/hard\libgcc.a
LOAD d:/gcc_arm/12.2 rel1/bin/../lib/gcc/arm-none-eabi/12.2.1/thumb/v7e-m+dp/hard\libc_nano.a
END GROUP
START GROUP
LOAD d:/gcc_arm/12.2 rel1/bin/../lib/gcc/arm-none-eabi/12.2.1/thumb/v7e-m+dp/hard\libgcc.a
LOAD d:/gcc_arm/12.2 rel1/bin/../lib/gcc/arm-none-eabi/12.2.1/thumb/v7e-m+dp/hard\libc_nano.a
LOAD d:/gcc_arm/12.2 rel1/bin/../lib/gcc/arm-none-eabi/12.2.1/thumb/v7e-m+dp/hard\libnosys.a
END GROUP
START GROUP
LOAD d:/gcc_arm/12.2 rel1/bin/../lib/gcc/arm-none-eabi/12.2.1/thumb/v7e-m+dp/hard\libgcc.a
LOAD d:/gcc_arm/12.2 rel1/bin/../lib/gcc/arm-none-eabi/12.2.1/thumb/v7e-m+dp/hard\libc_nano.a
LOAD d:/gcc_arm/12.2 rel1/bin/../lib/gcc/arm-none-eabi/12.2.1/thumb/v7e-m+dp/hard\libnosys.a
END GROUP
                0x20020000                _estack = (ORIGIN (DTCMRAM) + LENGTH (DTCMRAM))
                0x00000200                _Min_Heap_Size = 0x200
                0x00000400                _Min_Stack_Size = 0x400

.isr_vector     0x08000000      0x298
                0x08000000                . = ALIGN (0x4)
 *(.isr_vector)
 .isr_vector    0x08000000      0x298 build/startup/startup_stm32h743xx.o
                0x08000000                g_pfnVectors
                0x08000298                . = ALIGN (0x4)

.text           0x08000298     0x7f0c
                0x08000298                . = ALIGN (0x4)
 *(.text)
 .text          0x08000298       0x30 d:/gcc_arm/12.2 rel1/bin/../lib/gcc/arm-none-eabi/12.2.1/thumb/v7e-m+dp/hard\libgcc.a(_aeabi_uldivmod.o)
                0x08000298                __aeabi_uldivmod
 .text          0x080002c8        0x4 d:/gcc_arm/12.2 rel1/bin/../lib/gcc/arm-none-eabi/12.2.1/thumb/v7e-m+dp/hard\libgcc.a(_dvmd_tls.o)
                0x080002c8                __aeabi_idiv0
                0x080002c8                __aeabi_ldiv0
 *(.text*)
 .text.main     0x080002cc       0x34 build/src/main.o
                0x080002cc                main
 .text.Error_Handler
                0x08000300        0xc build/src/main.o
                0x08000300                Error_Handler
 .text.SystemInit
                0x0800030c      0x140 build/src/system_stm32h7xx.o
                0x0800030c                SystemInit
 .text.ExitRun0Mode
                0x0800044c        0xe build/src/system_stm32h7xx.o
                0x0800044c                ExitRun0Mode
 .text._init    0x0800045a        0xe build/src/syscalls.o
                0x0800045a                _init
 .text.MX_GPIO_Init
                0x08000468      0x130 build/src/gpio.o
                0x08000468                MX_GPIO_Init
 .text.MX_DMA_Init
                0x08000598       0x50 build/src/dma.o
                0x08000598                MX_DMA_Init
 .text.MX_FDCAN1_Init
                0x080005e8       0xc8 build/src/fdcan.o
                0x080005e8                MX_FDCAN1_Init
 .text.HAL_FDCAN_MspInit
                0x080006b0      0x154 build/src/fdcan.o
                0x080006b0                HAL_FDCAN_MspInit
 .text.MX_USART3_UART_Init
                0x08000804       0x98 build/src/usart.o
                0x08000804                MX_USART3_UART_Init
 .text.HAL_UART_MspInit
                0x0800089c      0x1ac build/src/usart.o
                0x0800089c                HAL_UART_MspInit
 .text.NMI_Handler
                0x08000a48        0x8 build/src/stm32h7xx_it.o
                0x08000a48                NMI_Handler
 .text.HardFault_Handler
                0x08000a50        0x8 build/src/stm32h7xx_it.o
                0x08000a50                HardFault_Handler
 .text.MemManage_Handler
                0x08000a58        0x8 build/src/stm32h7xx_it.o
                0x08000a58                MemManage_Handler
 .text.BusFault_Handler
                0x08000a60        0x8 build/src/stm32h7xx_it.o
                0x08000a60                BusFault_Handler
 .text.UsageFault_Handler
                0x08000a68        0x8 build/src/stm32h7xx_it.o
                0x08000a68                UsageFault_Handler
 .text.SVC_Handler
                0x08000a70        0xe build/src/stm32h7xx_it.o
                0x08000a70                SVC_Handler
 .text.DebugMon_Handler
                0x08000a7e        0xe build/src/stm32h7xx_it.o
                0x08000a7e                DebugMon_Handler
 .text.PendSV_Handler
                0x08000a8c        0xe build/src/stm32h7xx_it.o
                0x08000a8c                PendSV_Handler
 .text.SysTick_Handler
                0x08000a9a        0xc build/src/stm32h7xx_it.o
                0x08000a9a                SysTick_Handler
 *fill*         0x08000aa6        0x2 
 .text.DMA1_Stream0_IRQHandler
                0x08000aa8       0x14 build/src/stm32h7xx_it.o
                0x08000aa8                DMA1_Stream0_IRQHandler
 .text.DMA1_Stream1_IRQHandler
                0x08000abc       0x14 build/src/stm32h7xx_it.o
                0x08000abc                DMA1_Stream1_IRQHandler
 .text.FDCAN1_IT0_IRQHandler
                0x08000ad0       0x14 build/src/stm32h7xx_it.o
                0x08000ad0                FDCAN1_IT0_IRQHandler
 .text.FDCAN1_IT1_IRQHandler
                0x08000ae4       0x14 build/src/stm32h7xx_it.o
                0x08000ae4                FDCAN1_IT1_IRQHandler
 .text.USART3_IRQHandler
                0x08000af8       0x14 build/src/stm32h7xx_it.o
                0x08000af8                USART3_IRQHandler
 .text.FDCAN_CAL_IRQHandler
                0x08000b0c       0x14 build/src/stm32h7xx_it.o
                0x08000b0c                FDCAN_CAL_IRQHandler
 .text.HAL_MspInit
                0x08000b20       0x34 build/src/stm32h7xx_hal_msp.o
                0x08000b20                HAL_MspInit
 .text.HAL_Init
                0x08000b54       0x78 build/Drivers/STM32H7xx_HAL_Driver/Src/stm32h7xx_hal.o
                0x08000b54                HAL_Init
 .text.HAL_InitTick
                0x08000bcc       0x6c build/Drivers/STM32H7xx_HAL_Driver/Src/stm32h7xx_hal.o
                0x08000bcc                HAL_InitTick
 .text.HAL_IncTick
                0x08000c38       0x28 build/Drivers/STM32H7xx_HAL_Driver/Src/stm32h7xx_hal.o
                0x08000c38                HAL_IncTick
 .text.HAL_GetTick
                0x08000c60       0x18 build/Drivers/STM32H7xx_HAL_Driver/Src/stm32h7xx_hal.o
                0x08000c60                HAL_GetTick
 .text.HAL_Delay
                0x08000c78       0x48 build/Drivers/STM32H7xx_HAL_Driver/Src/stm32h7xx_hal.o
                0x08000c78                HAL_Delay
 .text.__NVIC_SetPriorityGrouping
                0x08000cc0       0x48 build/Drivers/STM32H7xx_HAL_Driver/Src/stm32h7xx_hal_cortex.o
 .text.__NVIC_GetPriorityGrouping
                0x08000d08       0x1c build/Drivers/STM32H7xx_HAL_Driver/Src/stm32h7xx_hal_cortex.o
 .text.__NVIC_EnableIRQ
                0x08000d24       0x3c build/Drivers/STM32H7xx_HAL_Driver/Src/stm32h7xx_hal_cortex.o
 .text.__NVIC_SetPriority
                0x08000d60       0x54 build/Drivers/STM32H7xx_HAL_Driver/Src/stm32h7xx_hal_cortex.o
 .text.NVIC_EncodePriority
                0x08000db4       0x66 build/Drivers/STM32H7xx_HAL_Driver/Src/stm32h7xx_hal_cortex.o
 *fill*         0x08000e1a        0x2 
 .text.SysTick_Config
                0x08000e1c       0x44 build/Drivers/STM32H7xx_HAL_Driver/Src/stm32h7xx_hal_cortex.o
 .text.HAL_NVIC_SetPriorityGrouping
                0x08000e60       0x16 build/Drivers/STM32H7xx_HAL_Driver/Src/stm32h7xx_hal_cortex.o
                0x08000e60                HAL_NVIC_SetPriorityGrouping
 .text.HAL_NVIC_SetPriority
                0x08000e76       0x34 build/Drivers/STM32H7xx_HAL_Driver/Src/stm32h7xx_hal_cortex.o
                0x08000e76                HAL_NVIC_SetPriority
 .text.HAL_NVIC_EnableIRQ
                0x08000eaa       0x1c build/Drivers/STM32H7xx_HAL_Driver/Src/stm32h7xx_hal_cortex.o
                0x08000eaa                HAL_NVIC_EnableIRQ
 .text.HAL_SYSTICK_Config
                0x08000ec6       0x18 build/Drivers/STM32H7xx_HAL_Driver/Src/stm32h7xx_hal_cortex.o
                0x08000ec6                HAL_SYSTICK_Config
 *fill*         0x08000ede        0x2 
 .text.HAL_RCC_GetSysClockFreq
                0x08000ee0      0x2f4 build/Drivers/STM32H7xx_HAL_Driver/Src/stm32h7xx_hal_rcc.o
                0x08000ee0                HAL_RCC_GetSysClockFreq
 .text.HAL_RCC_GetHCLKFreq
                0x080011d4       0x60 build/Drivers/STM32H7xx_HAL_Driver/Src/stm32h7xx_hal_rcc.o
                0x080011d4                HAL_RCC_GetHCLKFreq
 .text.HAL_RCC_GetPCLK1Freq
                0x08001234       0x2c build/Drivers/STM32H7xx_HAL_Driver/Src/stm32h7xx_hal_rcc.o
                0x08001234                HAL_RCC_GetPCLK1Freq
 .text.HAL_RCC_GetPCLK2Freq
                0x08001260       0x2c build/Drivers/STM32H7xx_HAL_Driver/Src/stm32h7xx_hal_rcc.o
                0x08001260                HAL_RCC_GetPCLK2Freq
 .text.HAL_RCCEx_PeriphCLKConfig
                0x0800128c     0x1414 build/Drivers/STM32H7xx_HAL_Driver/Src/stm32h7xx_hal_rcc_ex.o
                0x0800128c                HAL_RCCEx_PeriphCLKConfig
 .text.HAL_RCCEx_GetD3PCLK1Freq
                0x080026a0       0x2c build/Drivers/STM32H7xx_HAL_Driver/Src/stm32h7xx_hal_rcc_ex.o
                0x080026a0                HAL_RCCEx_GetD3PCLK1Freq
 .text.HAL_RCCEx_GetPLL2ClockFreq
                0x080026cc      0x2a8 build/Drivers/STM32H7xx_HAL_Driver/Src/stm32h7xx_hal_rcc_ex.o
                0x080026cc                HAL_RCCEx_GetPLL2ClockFreq
 .text.HAL_RCCEx_GetPLL3ClockFreq
                0x08002974      0x2a8 build/Drivers/STM32H7xx_HAL_Driver/Src/stm32h7xx_hal_rcc_ex.o
                0x08002974                HAL_RCCEx_GetPLL3ClockFreq
 .text.RCCEx_PLL2_Config
                0x08002c1c      0x164 build/Drivers/STM32H7xx_HAL_Driver/Src/stm32h7xx_hal_rcc_ex.o
 .text.RCCEx_PLL3_Config
                0x08002d80      0x164 build/Drivers/STM32H7xx_HAL_Driver/Src/stm32h7xx_hal_rcc_ex.o
 .text.HAL_GPIO_Init
                0x08002ee4      0x360 build/Drivers/STM32H7xx_HAL_Driver/Src/stm32h7xx_hal_gpio.o
                0x08002ee4                HAL_GPIO_Init
 .text.HAL_GPIO_WritePin
                0x08003244       0x32 build/Drivers/STM32H7xx_HAL_Driver/Src/stm32h7xx_hal_gpio.o
                0x08003244                HAL_GPIO_WritePin
 .text.HAL_GPIO_TogglePin
                0x08003276       0x34 build/Drivers/STM32H7xx_HAL_Driver/Src/stm32h7xx_hal_gpio.o
                0x08003276                HAL_GPIO_TogglePin
 *fill*         0x080032aa        0x2 
 .text.HAL_FDCAN_Init
                0x080032ac      0x3bc build/Drivers/STM32H7xx_HAL_Driver/Src/stm32h7xx_hal_fdcan.o
                0x080032ac                HAL_FDCAN_Init
 .text.HAL_FDCAN_IRQHandler
                0x08003668      0x498 build/Drivers/STM32H7xx_HAL_Driver/Src/stm32h7xx_hal_fdcan.o
                0x08003668                HAL_FDCAN_IRQHandler
 .text.HAL_FDCAN_ClockCalibrationCallback
                0x08003b00       0x16 build/Drivers/STM32H7xx_HAL_Driver/Src/stm32h7xx_hal_fdcan.o
                0x08003b00                HAL_FDCAN_ClockCalibrationCallback
 .text.HAL_FDCAN_TxEventFifoCallback
                0x08003b16       0x16 build/Drivers/STM32H7xx_HAL_Driver/Src/stm32h7xx_hal_fdcan.o
                0x08003b16                HAL_FDCAN_TxEventFifoCallback
 .text.HAL_FDCAN_RxFifo0Callback
                0x08003b2c       0x16 build/Drivers/STM32H7xx_HAL_Driver/Src/stm32h7xx_hal_fdcan.o
                0x08003b2c                HAL_FDCAN_RxFifo0Callback
 .text.HAL_FDCAN_RxFifo1Callback
                0x08003b42       0x16 build/Drivers/STM32H7xx_HAL_Driver/Src/stm32h7xx_hal_fdcan.o
                0x08003b42                HAL_FDCAN_RxFifo1Callback
 .text.HAL_FDCAN_TxFifoEmptyCallback
                0x08003b58       0x14 build/Drivers/STM32H7xx_HAL_Driver/Src/stm32h7xx_hal_fdcan.o
                0x08003b58                HAL_FDCAN_TxFifoEmptyCallback
 .text.HAL_FDCAN_TxBufferCompleteCallback
                0x08003b6c       0x16 build/Drivers/STM32H7xx_HAL_Driver/Src/stm32h7xx_hal_fdcan.o
                0x08003b6c                HAL_FDCAN_TxBufferCompleteCallback
 .text.HAL_FDCAN_TxBufferAbortCallback
                0x08003b82       0x16 build/Drivers/STM32H7xx_HAL_Driver/Src/stm32h7xx_hal_fdcan.o
                0x08003b82                HAL_FDCAN_TxBufferAbortCallback
 .text.HAL_FDCAN_RxBufferNewMessageCallback
                0x08003b98       0x14 build/Drivers/STM32H7xx_HAL_Driver/Src/stm32h7xx_hal_fdcan.o
                0x08003b98                HAL_FDCAN_RxBufferNewMessageCallback
 .text.HAL_FDCAN_TimestampWraparoundCallback
                0x08003bac       0x14 build/Drivers/STM32H7xx_HAL_Driver/Src/stm32h7xx_hal_fdcan.o
                0x08003bac                HAL_FDCAN_TimestampWraparoundCallback
 .text.HAL_FDCAN_TimeoutOccurredCallback
                0x08003bc0       0x14 build/Drivers/STM32H7xx_HAL_Driver/Src/stm32h7xx_hal_fdcan.o
                0x08003bc0                HAL_FDCAN_TimeoutOccurredCallback
 .text.HAL_FDCAN_HighPriorityMessageCallback
                0x08003bd4       0x14 build/Drivers/STM32H7xx_HAL_Driver/Src/stm32h7xx_hal_fdcan.o
                0x08003bd4                HAL_FDCAN_HighPriorityMessageCallback
 .text.HAL_FDCAN_ErrorCallback
                0x08003be8       0x14 build/Drivers/STM32H7xx_HAL_Driver/Src/stm32h7xx_hal_fdcan.o
                0x08003be8                HAL_FDCAN_ErrorCallback
 .text.HAL_FDCAN_ErrorStatusCallback
                0x08003bfc       0x16 build/Drivers/STM32H7xx_HAL_Driver/Src/stm32h7xx_hal_fdcan.o
                0x08003bfc                HAL_FDCAN_ErrorStatusCallback
 .text.HAL_FDCAN_TT_ScheduleSyncCallback
                0x08003c12       0x16 build/Drivers/STM32H7xx_HAL_Driver/Src/stm32h7xx_hal_fdcan.o
                0x08003c12                HAL_FDCAN_TT_ScheduleSyncCallback
 .text.HAL_FDCAN_TT_TimeMarkCallback
                0x08003c28       0x16 build/Drivers/STM32H7xx_HAL_Driver/Src/stm32h7xx_hal_fdcan.o
                0x08003c28                HAL_FDCAN_TT_TimeMarkCallback
 .text.HAL_FDCAN_TT_StopWatchCallback
                0x08003c3e       0x18 build/Drivers/STM32H7xx_HAL_Driver/Src/stm32h7xx_hal_fdcan.o
                0x08003c3e                HAL_FDCAN_TT_StopWatchCallback
 .text.HAL_FDCAN_TT_GlobalTimeCallback
                0x08003c56       0x16 build/Drivers/STM32H7xx_HAL_Driver/Src/stm32h7xx_hal_fdcan.o
                0x08003c56                HAL_FDCAN_TT_GlobalTimeCallback
 .text.FDCAN_CalcultateRamBlockAddresses
                0x08003c6c      0x30c build/Drivers/STM32H7xx_HAL_Driver/Src/stm32h7xx_hal_fdcan.o
 .text.HAL_UART_Init
                0x08003f78       0xa0 build/Drivers/STM32H7xx_HAL_Driver/Src/stm32h7xx_hal_uart.o
                0x08003f78                HAL_UART_Init
 .text.HAL_UART_IRQHandler
                0x08004018      0x7ac build/Drivers/STM32H7xx_HAL_Driver/Src/stm32h7xx_hal_uart.o
                0x08004018                HAL_UART_IRQHandler
 .text.HAL_UART_TxCpltCallback
                0x080047c4       0x14 build/Drivers/STM32H7xx_HAL_Driver/Src/stm32h7xx_hal_uart.o
                0x080047c4                HAL_UART_TxCpltCallback
 .text.HAL_UART_ErrorCallback
                0x080047d8       0x14 build/Drivers/STM32H7xx_HAL_Driver/Src/stm32h7xx_hal_uart.o
                0x080047d8                HAL_UART_ErrorCallback
 .text.HAL_UARTEx_RxEventCallback
                0x080047ec       0x18 build/Drivers/STM32H7xx_HAL_Driver/Src/stm32h7xx_hal_uart.o
                0x080047ec                HAL_UARTEx_RxEventCallback
 .text.UART_SetConfig
                0x08004804      0xad0 build/Drivers/STM32H7xx_HAL_Driver/Src/stm32h7xx_hal_uart.o
                0x08004804                UART_SetConfig
 .text.UART_AdvFeatureConfig
                0x080052d4      0x144 build/Drivers/STM32H7xx_HAL_Driver/Src/stm32h7xx_hal_uart.o
                0x080052d4                UART_AdvFeatureConfig
 .text.UART_CheckIdleState
                0x08005418      0x154 build/Drivers/STM32H7xx_HAL_Driver/Src/stm32h7xx_hal_uart.o
                0x08005418                UART_CheckIdleState
 .text.UART_WaitOnFlagUntilTimeout
                0x0800556c       0xda build/Drivers/STM32H7xx_HAL_Driver/Src/stm32h7xx_hal_uart.o
                0x0800556c                UART_WaitOnFlagUntilTimeout
 *fill*         0x08005646        0x2 
 .text.UART_EndRxTransfer
                0x08005648       0xcc build/Drivers/STM32H7xx_HAL_Driver/Src/stm32h7xx_hal_uart.o
 .text.UART_DMAAbortOnError
                0x08005714       0x24 build/Drivers/STM32H7xx_HAL_Driver/Src/stm32h7xx_hal_uart.o
 .text.UART_EndTransmit_IT
                0x08005738       0x56 build/Drivers/STM32H7xx_HAL_Driver/Src/stm32h7xx_hal_uart.o
 .text.HAL_UARTEx_WakeupCallback
                0x0800578e       0x14 build/Drivers/STM32H7xx_HAL_Driver/Src/stm32h7xx_hal_uart_ex.o
                0x0800578e                HAL_UARTEx_WakeupCallback
 .text.HAL_UARTEx_RxFifoFullCallback
                0x080057a2       0x14 build/Drivers/STM32H7xx_HAL_Driver/Src/stm32h7xx_hal_uart_ex.o
                0x080057a2                HAL_UARTEx_RxFifoFullCallback
 .text.HAL_UARTEx_TxFifoEmptyCallback
                0x080057b6       0x14 build/Drivers/STM32H7xx_HAL_Driver/Src/stm32h7xx_hal_uart_ex.o
                0x080057b6                HAL_UARTEx_TxFifoEmptyCallback
 .text.HAL_UARTEx_DisableFifoMode
                0x080057ca       0x72 build/Drivers/STM32H7xx_HAL_Driver/Src/stm32h7xx_hal_uart_ex.o
                0x080057ca                HAL_UARTEx_DisableFifoMode
 .text.HAL_UARTEx_SetTxFifoThreshold
                0x0800583c       0x7c build/Drivers/STM32H7xx_HAL_Driver/Src/stm32h7xx_hal_uart_ex.o
                0x0800583c                HAL_UARTEx_SetTxFifoThreshold
 .text.HAL_UARTEx_SetRxFifoThreshold
                0x080058b8       0x7c build/Drivers/STM32H7xx_HAL_Driver/Src/stm32h7xx_hal_uart_ex.o
                0x080058b8                HAL_UARTEx_SetRxFifoThreshold
 .text.UARTEx_SetNbDataToProcess
                0x08005934       0x9c build/Drivers/STM32H7xx_HAL_Driver/Src/stm32h7xx_hal_uart_ex.o
 .text.HAL_DMA_Init
                0x080059d0      0x6b8 build/Drivers/STM32H7xx_HAL_Driver/Src/stm32h7xx_hal_dma.o
                0x080059d0                HAL_DMA_Init
 .text.HAL_DMA_Abort
                0x08006088      0x63c build/Drivers/STM32H7xx_HAL_Driver/Src/stm32h7xx_hal_dma.o
                0x08006088                HAL_DMA_Abort
 .text.HAL_DMA_Abort_IT
                0x080066c4      0x48c build/Drivers/STM32H7xx_HAL_Driver/Src/stm32h7xx_hal_dma.o
                0x080066c4                HAL_DMA_Abort_IT
 .text.HAL_DMA_IRQHandler
                0x08006b50      0xe54 build/Drivers/STM32H7xx_HAL_Driver/Src/stm32h7xx_hal_dma.o
                0x08006b50                HAL_DMA_IRQHandler
 .text.DMA_CalcBaseAndBitshift
                0x080079a4      0x164 build/Drivers/STM32H7xx_HAL_Driver/Src/stm32h7xx_hal_dma.o
 .text.DMA_CheckFifoParam
                0x08007b08       0xf8 build/Drivers/STM32H7xx_HAL_Driver/Src/stm32h7xx_hal_dma.o
 .text.DMA_CalcDMAMUXChannelBaseAndMask
                0x08007c00      0x134 build/Drivers/STM32H7xx_HAL_Driver/Src/stm32h7xx_hal_dma.o
 .text.DMA_CalcDMAMUXRequestGenBaseAndMask
                0x08007d34       0xe8 build/Drivers/STM32H7xx_HAL_Driver/Src/stm32h7xx_hal_dma.o
 .text.Reset_Handler
                0x08007e1c       0x54 build/startup/startup_stm32h743xx.o
                0x08007e1c                Reset_Handler
 .text.Default_Handler
                0x08007e70        0x2 build/startup/startup_stm32h743xx.o
                0x08007e70                RTC_Alarm_IRQHandler
                0x08007e70                EXTI2_IRQHandler
                0x08007e70                TIM8_CC_IRQHandler
                0x08007e70                HRTIM1_Master_IRQHandler
                0x08007e70                UART8_IRQHandler
                0x08007e70                SPI4_IRQHandler
                0x08007e70                TIM1_CC_IRQHandler
                0x08007e70                BDMA_Channel6_IRQHandler
                0x08007e70                DMA2_Stream5_IRQHandler
                0x08007e70                HRTIM1_FLT_IRQHandler
                0x08007e70                JPEG_IRQHandler
                0x08007e70                DMA1_Stream5_IRQHandler
                0x08007e70                BDMA_Channel1_IRQHandler
                0x08007e70                HRTIM1_TIMD_IRQHandler
                0x08007e70                TAMP_STAMP_IRQHandler
                0x08007e70                EXTI3_IRQHandler
                0x08007e70                LPTIM4_IRQHandler
                0x08007e70                TIM8_TRG_COM_TIM14_IRQHandler
                0x08007e70                LPTIM2_IRQHandler
                0x08007e70                DFSDM1_FLT1_IRQHandler
                0x08007e70                DMAMUX2_OVR_IRQHandler
                0x08007e70                TIM8_UP_TIM13_IRQHandler
                0x08007e70                I2C3_ER_IRQHandler
                0x08007e70                DFSDM1_FLT2_IRQHandler
                0x08007e70                MDMA_IRQHandler
                0x08007e70                LPTIM3_IRQHandler
                0x08007e70                HSEM1_IRQHandler
                0x08007e70                EXTI0_IRQHandler
                0x08007e70                I2C2_EV_IRQHandler
                0x08007e70                DMA1_Stream2_IRQHandler
                0x08007e70                FPU_IRQHandler
                0x08007e70                OTG_HS_WKUP_IRQHandler
                0x08007e70                LTDC_ER_IRQHandler
                0x08007e70                DMA2_Stream2_IRQHandler
                0x08007e70                HRTIM1_TIME_IRQHandler
                0x08007e70                SPI1_IRQHandler
                0x08007e70                TIM6_DAC_IRQHandler
                0x08007e70                DCMI_IRQHandler
                0x08007e70                HRTIM1_TIMC_IRQHandler
                0x08007e70                DMA2_Stream3_IRQHandler
                0x08007e70                SAI2_IRQHandler
                0x08007e70                DFSDM1_FLT3_IRQHandler
                0x08007e70                USART6_IRQHandler
                0x08007e70                TIM17_IRQHandler
                0x08007e70                BDMA_Channel7_IRQHandler
                0x08007e70                LPTIM5_IRQHandler
                0x08007e70                UART5_IRQHandler
                0x08007e70                ADC3_IRQHandler
                0x08007e70                DMA2_Stream0_IRQHandler
                0x08007e70                TIM4_IRQHandler
                0x08007e70                BDMA_Channel2_IRQHandler
                0x08007e70                QUADSPI_IRQHandler
                0x08007e70                I2C1_EV_IRQHandler
                0x08007e70                DMA1_Stream6_IRQHandler
                0x08007e70                DMAMUX1_OVR_IRQHandler
                0x08007e70                TIM16_IRQHandler
                0x08007e70                UART4_IRQHandler
                0x08007e70                BDMA_Channel5_IRQHandler
                0x08007e70                TIM3_IRQHandler
                0x08007e70                RCC_IRQHandler
                0x08007e70                TIM8_BRK_TIM12_IRQHandler
                0x08007e70                TIM1_TRG_COM_IRQHandler
                0x08007e70                Default_Handler
                0x08007e70                ECC_IRQHandler
                0x08007e70                CEC_IRQHandler
                0x08007e70                EXTI15_10_IRQHandler
                0x08007e70                BDMA_Channel0_IRQHandler
                0x08007e70                ADC_IRQHandler
                0x08007e70                DMA1_Stream7_IRQHandler
                0x08007e70                HRTIM1_TIMA_IRQHandler
                0x08007e70                SPI5_IRQHandler
                0x08007e70                TIM7_IRQHandler
                0x08007e70                SDMMC1_IRQHandler
                0x08007e70                TIM5_IRQHandler
                0x08007e70                DMA2_Stream7_IRQHandler
                0x08007e70                TIM15_IRQHandler
                0x08007e70                PVD_AVD_IRQHandler
                0x08007e70                I2C3_EV_IRQHandler
                0x08007e70                EXTI9_5_IRQHandler
                0x08007e70                RTC_WKUP_IRQHandler
                0x08007e70                LTDC_IRQHandler
                0x08007e70                SAI3_IRQHandler
                0x08007e70                ETH_WKUP_IRQHandler
                0x08007e70                SPDIF_RX_IRQHandler
                0x08007e70                SPI2_IRQHandler
                0x08007e70                OTG_HS_EP1_IN_IRQHandler
                0x08007e70                CRS_IRQHandler
                0x08007e70                EXTI4_IRQHandler
                0x08007e70                RNG_IRQHandler
                0x08007e70                HRTIM1_TIMB_IRQHandler
                0x08007e70                FDCAN2_IT1_IRQHandler
                0x08007e70                ETH_IRQHandler
                0x08007e70                TIM1_UP_IRQHandler
                0x08007e70                BDMA_Channel4_IRQHandler
                0x08007e70                OTG_HS_EP1_OUT_IRQHandler
                0x08007e70                WWDG_IRQHandler
                0x08007e70                SPI6_IRQHandler
                0x08007e70                MDIOS_IRQHandler
                0x08007e70                I2C4_EV_IRQHandler
                0x08007e70                FDCAN2_IT0_IRQHandler
                0x08007e70                LPUART1_IRQHandler
                0x08007e70                TIM2_IRQHandler
                0x08007e70                OTG_FS_WKUP_IRQHandler
                0x08007e70                OTG_HS_IRQHandler
                0x08007e70                DMA2D_IRQHandler
                0x08007e70                TIM1_BRK_IRQHandler
                0x08007e70                EXTI1_IRQHandler
                0x08007e70                SDMMC2_IRQHandler
                0x08007e70                OTG_FS_EP1_OUT_IRQHandler
                0x08007e70                BDMA_Channel3_IRQHandler
                0x08007e70                UART7_IRQHandler
                0x08007e70                MDIOS_WKUP_IRQHandler
                0x08007e70                USART2_IRQHandler
                0x08007e70                DFSDM1_FLT0_IRQHandler
                0x08007e70                SAI4_IRQHandler
                0x08007e70                I2C2_ER_IRQHandler
                0x08007e70                DMA2_Stream1_IRQHandler
                0x08007e70                FLASH_IRQHandler
                0x08007e70                DMA2_Stream4_IRQHandler
                0x08007e70                USART1_IRQHandler
                0x08007e70                OTG_FS_IRQHandler
                0x08007e70                SPI3_IRQHandler
                0x08007e70                WAKEUP_PIN_IRQHandler
                0x08007e70                DMA1_Stream4_IRQHandler
                0x08007e70                OTG_FS_EP1_IN_IRQHandler
                0x08007e70                I2C1_ER_IRQHandler
                0x08007e70                FMC_IRQHandler
                0x08007e70                SWPMI1_IRQHandler
                0x08007e70                COMP1_IRQHandler
                0x08007e70                LPTIM1_IRQHandler
                0x08007e70                I2C4_ER_IRQHandler
                0x08007e70                DMA2_Stream6_IRQHandler
                0x08007e70                SAI1_IRQHandler
                0x08007e70                DMA1_Stream3_IRQHandler
 *fill*         0x08007e72        0x2 
 .text.__udivmoddi4
                0x08007e74      0x2bc d:/gcc_arm/12.2 rel1/bin/../lib/gcc/arm-none-eabi/12.2.1/thumb/v7e-m+dp/hard\libgcc.a(_udivmoddi4.o)
                0x08007e74                __udivmoddi4
 .text.memset   0x08008130       0x10 d:/gcc_arm/12.2 rel1/bin/../lib/gcc/arm-none-eabi/12.2.1/thumb/v7e-m+dp/hard\libc_nano.a(libc_a-memset.o)
                0x08008130                memset
 .text.__libc_init_array
                0x08008140       0x48 d:/gcc_arm/12.2 rel1/bin/../lib/gcc/arm-none-eabi/12.2.1/thumb/v7e-m+dp/hard\libc_nano.a(libc_a-init.o)
                0x08008140                __libc_init_array
 .text.memcpy   0x08008188       0x1c d:/gcc_arm/12.2 rel1/bin/../lib/gcc/arm-none-eabi/12.2.1/thumb/v7e-m+dp/hard\libc_nano.a(libc_a-memcpy-stub.o)
                0x08008188                memcpy
 *(.glue_7)
 .glue_7        0x080081a4        0x0 linker stubs
 *(.glue_7t)
 .glue_7t       0x080081a4        0x0 linker stubs
 *(.eh_frame)
 *(.init)
 *(.fini)
                0x080081a4                . = ALIGN (0x4)
                0x080081a4                _etext = .

.vfp11_veneer   0x080081a4        0x0
 .vfp11_veneer  0x080081a4        0x0 linker stubs

.v4_bx          0x080081a4        0x0
 .v4_bx         0x080081a4        0x0 linker stubs

.iplt           0x080081a4        0x0
 .iplt          0x080081a4        0x0 build/src/main.o

.rodata         0x080081a4       0x8c
                0x080081a4                . = ALIGN (0x4)
 *(.rodata)
 .rodata        0x080081a4       0x4c build/Drivers/STM32H7xx_HAL_Driver/Src/stm32h7xx_hal_fdcan.o
 *(.rodata*)
 .rodata.D1CorePrescTable
                0x080081f0       0x10 build/src/system_stm32h7xx.o
                0x080081f0                D1CorePrescTable
 .rodata.UARTPrescTable
                0x08008200       0x18 build/Drivers/STM32H7xx_HAL_Driver/Src/stm32h7xx_hal_uart.o
                0x08008200                UARTPrescTable
 .rodata.numerator.1
                0x08008218        0x8 build/Drivers/STM32H7xx_HAL_Driver/Src/stm32h7xx_hal_uart_ex.o
 .rodata.denominator.0
                0x08008220        0x8 build/Drivers/STM32H7xx_HAL_Driver/Src/stm32h7xx_hal_uart_ex.o
 .rodata.flagBitshiftOffset.0
                0x08008228        0x8 build/Drivers/STM32H7xx_HAL_Driver/Src/stm32h7xx_hal_dma.o
                0x08008230                . = ALIGN (0x4)

.ARM.extab
 *(.ARM.extab* .gnu.linkonce.armextab.*)

.ARM            0x08008230        0x8
                0x08008230                __exidx_start = .
 *(.ARM.exidx*)
 .ARM.exidx.text.__udivmoddi4
                0x08008230        0x8 d:/gcc_arm/12.2 rel1/bin/../lib/gcc/arm-none-eabi/12.2.1/thumb/v7e-m+dp/hard\libgcc.a(_udivmoddi4.o)
                0x08008238                __exidx_end = .

.rel.dyn        0x08008238        0x0
 .rel.iplt      0x08008238        0x0 build/src/main.o

.preinit_array  0x08008238        0x0
                0x08008238                PROVIDE (__preinit_array_start = .)
 *(.preinit_array*)
                0x08008238                PROVIDE (__preinit_array_end = .)

.init_array     0x08008238        0x0
                0x08008238                PROVIDE (__init_array_start = .)
 *(SORT_BY_NAME(.init_array.*))
 *(.init_array*)
                0x08008238                PROVIDE (__init_array_end = .)

.fini_array     0x08008238        0x0
                [!provide]                PROVIDE (__fini_array_start = .)
 *(SORT_BY_NAME(.fini_array.*))
 *(.fini_array*)
                [!provide]                PROVIDE (__fini_array_end = .)
                0x08008238                _sidata = LOADADDR (.data)

.data           0x20000000       0x10 load address 0x08008238
                0x20000000                . = ALIGN (0x4)
                0x20000000                _sdata = .
 *(.data)
 *(.data*)
 .data.SystemCoreClock
                0x20000000        0x4 build/src/system_stm32h7xx.o
                0x20000000                SystemCoreClock
 .data.SystemD2Clock
                0x20000004        0x4 build/src/system_stm32h7xx.o
                0x20000004                SystemD2Clock
 .data.uwTickPrio
                0x20000008        0x4 build/Drivers/STM32H7xx_HAL_Driver/Src/stm32h7xx_hal.o
                0x20000008                uwTickPrio
 .data.uwTickFreq
                0x2000000c        0x1 build/Drivers/STM32H7xx_HAL_Driver/Src/stm32h7xx_hal.o
                0x2000000c                uwTickFreq
                0x20000010                . = ALIGN (0x4)
 *fill*         0x2000000d        0x3 
                0x20000010                _edata = .

.igot.plt       0x20000010        0x0 load address 0x08008248
 .igot.plt      0x20000010        0x0 build/src/main.o
                0x20000010                . = ALIGN (0x4)

.bss            0x20000010      0x228 load address 0x08008248
                0x20000010                _sbss = .
                0x20000010                __bss_start__ = _sbss
 *(.bss)
 *(.bss*)
 .bss.hfdcan1   0x20000010       0xa0 build/src/fdcan.o
                0x20000010                hfdcan1
 .bss.huart3    0x200000b0       0x94 build/src/usart.o
                0x200000b0                huart3
 .bss.hdma_usart3_rx
                0x20000144       0x78 build/src/usart.o
                0x20000144                hdma_usart3_rx
 .bss.hdma_usart3_tx
                0x200001bc       0x78 build/src/usart.o
                0x200001bc                hdma_usart3_tx
 .bss.uwTick    0x20000234        0x4 build/Drivers/STM32H7xx_HAL_Driver/Src/stm32h7xx_hal.o
                0x20000234                uwTick
 *(COMMON)
                0x20000238                . = ALIGN (0x4)
                0x20000238                _ebss = .
                0x20000238                __bss_end__ = _ebss

._user_heap_stack
                0x20000238      0x600 load address 0x08008248
                0x20000238                . = ALIGN (0x8)
                [!provide]                PROVIDE (end = .)
                0x20000238                PROVIDE (_end = .)
                0x20000438                . = (. + _Min_Heap_Size)
 *fill*         0x20000238      0x200 
                0x20000838                . = (. + _Min_Stack_Size)
 *fill*         0x20000438      0x400 
                0x20000838                . = ALIGN (0x8)

/DISCARD/
 libc.a(*)
 libm.a(*)
 libgcc.a(*)
OUTPUT(build/app.elf elf32-littlearm)
LOAD linker stubs
LOAD d:/gcc_arm/12.2 rel1/bin/../lib/gcc/arm-none-eabi/12.2.1/thumb/v7e-m+dp/hard\libc.a
LOAD d:/gcc_arm/12.2 rel1/bin/../lib/gcc/arm-none-eabi/12.2.1/thumb/v7e-m+dp/hard\libm.a
LOAD d:/gcc_arm/12.2 rel1/bin/../lib/gcc/arm-none-eabi/12.2.1/thumb/v7e-m+dp/hard\libgcc.a

.debug_info     0x00000000    0x14dc8
 .debug_info    0x00000000      0x6bf build/src/main.o
 .debug_info    0x000006bf      0xd02 build/src/system_stm32h7xx.o
 .debug_info    0x000013c1      0x6b5 build/src/syscalls.o
 .debug_info    0x00001a76      0x66c build/src/gpio.o
 .debug_info    0x000020e2      0x823 build/src/dma.o
 .debug_info    0x00002905     0x1550 build/src/fdcan.o
 .debug_info    0x00003e55     0x1542 build/src/usart.o
 .debug_info    0x00005397     0x103c build/src/stm32h7xx_it.o
 .debug_info    0x000063d3      0x464 build/src/stm32h7xx_hal_msp.o
 .debug_info    0x00006837     0x153b build/Drivers/STM32H7xx_HAL_Driver/Src/stm32h7xx_hal.o
 .debug_info    0x00007d72     0x10b1 build/Drivers/STM32H7xx_HAL_Driver/Src/stm32h7xx_hal_cortex.o
 .debug_info    0x00008e23      0xe6a build/Drivers/STM32H7xx_HAL_Driver/Src/stm32h7xx_hal_rcc.o
 .debug_info    0x00009c8d     0x1225 build/Drivers/STM32H7xx_HAL_Driver/Src/stm32h7xx_hal_rcc_ex.o
 .debug_info    0x0000aeb2      0xc5a build/Drivers/STM32H7xx_HAL_Driver/Src/stm32h7xx_hal_gpio.o
 .debug_info    0x0000bb0c     0x2baf build/Drivers/STM32H7xx_HAL_Driver/Src/stm32h7xx_hal_fdcan.o
 .debug_info    0x0000e6bb     0x4b1d build/Drivers/STM32H7xx_HAL_Driver/Src/stm32h7xx_hal_uart.o
 .debug_info    0x000131d8      0xfbf build/Drivers/STM32H7xx_HAL_Driver/Src/stm32h7xx_hal_uart_ex.o
 .debug_info    0x00014197      0xc31 build/Drivers/STM32H7xx_HAL_Driver/Src/stm32h7xx_hal_dma.o

.debug_abbrev   0x00000000     0x26e1
 .debug_abbrev  0x00000000      0x21d build/src/main.o
 .debug_abbrev  0x0000021d      0x165 build/src/system_stm32h7xx.o
 .debug_abbrev  0x00000382      0x1cf build/src/syscalls.o
 .debug_abbrev  0x00000551      0x189 build/src/gpio.o
 .debug_abbrev  0x000006da      0x11e build/src/dma.o
 .debug_abbrev  0x000007f8      0x20f build/src/fdcan.o
 .debug_abbrev  0x00000a07      0x25d build/src/usart.o
 .debug_abbrev  0x00000c64      0x1bf build/src/stm32h7xx_it.o
 .debug_abbrev  0x00000e23       0xdb build/src/stm32h7xx_hal_msp.o
 .debug_abbrev  0x00000efe      0x295 build/Drivers/STM32H7xx_HAL_Driver/Src/stm32h7xx_hal.o
 .debug_abbrev  0x00001193      0x339 build/Drivers/STM32H7xx_HAL_Driver/Src/stm32h7xx_hal_cortex.o
 .debug_abbrev  0x000014cc      0x2c8 build/Drivers/STM32H7xx_HAL_Driver/Src/stm32h7xx_hal_rcc.o
 .debug_abbrev  0x00001794      0x269 build/Drivers/STM32H7xx_HAL_Driver/Src/stm32h7xx_hal_rcc_ex.o
 .debug_abbrev  0x000019fd      0x205 build/Drivers/STM32H7xx_HAL_Driver/Src/stm32h7xx_hal_gpio.o
 .debug_abbrev  0x00001c02      0x288 build/Drivers/STM32H7xx_HAL_Driver/Src/stm32h7xx_hal_fdcan.o
 .debug_abbrev  0x00001e8a      0x33d build/Drivers/STM32H7xx_HAL_Driver/Src/stm32h7xx_hal_uart.o
 .debug_abbrev  0x000021c7      0x2d2 build/Drivers/STM32H7xx_HAL_Driver/Src/stm32h7xx_hal_uart_ex.o
 .debug_abbrev  0x00002499      0x248 build/Drivers/STM32H7xx_HAL_Driver/Src/stm32h7xx_hal_dma.o

.debug_aranges  0x00000000      0xdc8
 .debug_aranges
                0x00000000       0x30 build/src/main.o
 .debug_aranges
                0x00000030       0x30 build/src/system_stm32h7xx.o
 .debug_aranges
                0x00000060       0xb0 build/src/syscalls.o
 .debug_aranges
                0x00000110       0x20 build/src/gpio.o
 .debug_aranges
                0x00000130       0x20 build/src/dma.o
 .debug_aranges
                0x00000150       0x30 build/src/fdcan.o
 .debug_aranges
                0x00000180       0x30 build/src/usart.o
 .debug_aranges
                0x000001b0       0x90 build/src/stm32h7xx_it.o
 .debug_aranges
                0x00000240       0x20 build/src/stm32h7xx_hal_msp.o
 .debug_aranges
                0x00000260      0x198 build/Drivers/STM32H7xx_HAL_Driver/Src/stm32h7xx_hal.o
 .debug_aranges
                0x000003f8      0x130 build/Drivers/STM32H7xx_HAL_Driver/Src/stm32h7xx_hal_cortex.o
 .debug_aranges
                0x00000528       0x88 build/Drivers/STM32H7xx_HAL_Driver/Src/stm32h7xx_hal_rcc.o
 .debug_aranges
                0x000005b0       0xf8 build/Drivers/STM32H7xx_HAL_Driver/Src/stm32h7xx_hal_rcc_ex.o
 .debug_aranges
                0x000006a8       0x58 build/Drivers/STM32H7xx_HAL_Driver/Src/stm32h7xx_hal_gpio.o
 .debug_aranges
                0x00000700      0x338 build/Drivers/STM32H7xx_HAL_Driver/Src/stm32h7xx_hal_fdcan.o
 .debug_aranges
                0x00000a38      0x248 build/Drivers/STM32H7xx_HAL_Driver/Src/stm32h7xx_hal_uart.o
 .debug_aranges
                0x00000c80       0xa8 build/Drivers/STM32H7xx_HAL_Driver/Src/stm32h7xx_hal_uart_ex.o
 .debug_aranges
                0x00000d28       0xa0 build/Drivers/STM32H7xx_HAL_Driver/Src/stm32h7xx_hal_dma.o

.debug_rnglists
                0x00000000      0xaa1
 .debug_rnglists
                0x00000000       0x20 build/src/main.o
 .debug_rnglists
                0x00000020       0x21 build/src/system_stm32h7xx.o
 .debug_rnglists
                0x00000041       0x7f build/src/syscalls.o
 .debug_rnglists
                0x000000c0       0x14 build/src/gpio.o
 .debug_rnglists
                0x000000d4       0x13 build/src/dma.o
 .debug_rnglists
                0x000000e7       0x21 build/src/fdcan.o
 .debug_rnglists
                0x00000108       0x21 build/src/usart.o
 .debug_rnglists
                0x00000129       0x67 build/src/stm32h7xx_it.o
 .debug_rnglists
                0x00000190       0x13 build/src/stm32h7xx_hal_msp.o
 .debug_rnglists
                0x000001a3      0x131 build/Drivers/STM32H7xx_HAL_Driver/Src/stm32h7xx_hal.o
 .debug_rnglists
                0x000002d4       0xe0 build/Drivers/STM32H7xx_HAL_Driver/Src/stm32h7xx_hal_cortex.o
 .debug_rnglists
                0x000003b4       0x68 build/Drivers/STM32H7xx_HAL_Driver/Src/stm32h7xx_hal_rcc.o
 .debug_rnglists
                0x0000041c       0xc0 build/Drivers/STM32H7xx_HAL_Driver/Src/stm32h7xx_hal_rcc_ex.o
 .debug_rnglists
                0x000004dc       0x3f build/Drivers/STM32H7xx_HAL_Driver/Src/stm32h7xx_hal_gpio.o
 .debug_rnglists
                0x0000051b      0x28b build/Drivers/STM32H7xx_HAL_Driver/Src/stm32h7xx_hal_fdcan.o
 .debug_rnglists
                0x000007a6      0x1fa build/Drivers/STM32H7xx_HAL_Driver/Src/stm32h7xx_hal_uart.o
 .debug_rnglists
                0x000009a0       0x7f build/Drivers/STM32H7xx_HAL_Driver/Src/stm32h7xx_hal_uart_ex.o
 .debug_rnglists
                0x00000a1f       0x82 build/Drivers/STM32H7xx_HAL_Driver/Src/stm32h7xx_hal_dma.o

.debug_macro    0x00000000    0x3727f
 .debug_macro   0x00000000      0x297 build/src/main.o
 .debug_macro   0x00000297      0xac6 build/src/main.o
 .debug_macro   0x00000d5d      0x220 build/src/main.o
 .debug_macro   0x00000f7d       0x2e build/src/main.o
 .debug_macro   0x00000fab       0x3b build/src/main.o
 .debug_macro   0x00000fe6       0x22 build/src/main.o
 .debug_macro   0x00001008       0x8e build/src/main.o
 .debug_macro   0x00001096       0x51 build/src/main.o
 .debug_macro   0x000010e7      0x103 build/src/main.o
 .debug_macro   0x000011ea       0x6a build/src/main.o
 .debug_macro   0x00001254      0x1df build/src/main.o
 .debug_macro   0x00001433       0x1c build/src/main.o
 .debug_macro   0x0000144f       0x22 build/src/main.o
 .debug_macro   0x00001471       0xfb build/src/main.o
 .debug_macro   0x0000156c     0x1305 build/src/main.o
 .debug_macro   0x00002871      0x11f build/src/main.o
 .debug_macro   0x00002990       0x27 build/src/main.o
 .debug_macro   0x000029b7    0x25b9b build/src/main.o
 .debug_macro   0x00028552       0x6d build/src/main.o
 .debug_macro   0x000285bf     0x3d79 build/src/main.o
 .debug_macro   0x0002c338      0x189 build/src/main.o
 .debug_macro   0x0002c4c1       0x7b build/src/main.o
 .debug_macro   0x0002c53c       0x29 build/src/main.o
 .debug_macro   0x0002c565       0x3c build/src/main.o
 .debug_macro   0x0002c5a1       0x34 build/src/main.o
 .debug_macro   0x0002c5d5       0x16 build/src/main.o
 .debug_macro   0x0002c5eb       0x43 build/src/main.o
 .debug_macro   0x0002c62e       0x34 build/src/main.o
 .debug_macro   0x0002c662       0x10 build/src/main.o
 .debug_macro   0x0002c672       0x58 build/src/main.o
 .debug_macro   0x0002c6ca      0x1de build/src/main.o
 .debug_macro   0x0002c8a8      0x369 build/src/main.o
 .debug_macro   0x0002cc11      0x19b build/src/main.o
 .debug_macro   0x0002cdac       0x5d build/src/main.o
 .debug_macro   0x0002ce09     0x2382 build/src/main.o
 .debug_macro   0x0002f18b     0x102c build/src/main.o
 .debug_macro   0x000301b7      0x154 build/src/main.o
 .debug_macro   0x0003030b      0x114 build/src/main.o
 .debug_macro   0x0003041f      0x3b6 build/src/main.o
 .debug_macro   0x000307d5       0xac build/src/main.o
 .debug_macro   0x00030881      0x72d build/src/main.o
 .debug_macro   0x00030fae      0x228 build/src/main.o
 .debug_macro   0x000311d6       0x66 build/src/main.o
 .debug_macro   0x0003123c      0x275 build/src/main.o
 .debug_macro   0x000314b1      0xe42 build/src/main.o
 .debug_macro   0x000322f3      0x3ca build/src/main.o
 .debug_macro   0x000326bd      0x408 build/src/main.o
 .debug_macro   0x00032ac5       0x51 build/src/main.o
 .debug_macro   0x00032b16      0x1c4 build/src/main.o
 .debug_macro   0x00032cda      0x25e build/src/main.o
 .debug_macro   0x00032f38       0x35 build/src/main.o
 .debug_macro   0x00032f6d      0x693 build/src/main.o
 .debug_macro   0x00033600       0xa6 build/src/main.o
 .debug_macro   0x000336a6      0x5ac build/src/main.o
 .debug_macro   0x00033c52      0x257 build/src/system_stm32h7xx.o
 .debug_macro   0x00033ea9      0x265 build/src/syscalls.o
 .debug_macro   0x0003410e       0x75 build/src/syscalls.o
 .debug_macro   0x00034183       0x94 build/src/syscalls.o
 .debug_macro   0x00034217       0x57 build/src/syscalls.o
 .debug_macro   0x0003426e       0x10 build/src/syscalls.o
 .debug_macro   0x0003427e       0x35 build/src/syscalls.o
 .debug_macro   0x000342b3       0x10 build/src/syscalls.o
 .debug_macro   0x000342c3       0x10 build/src/syscalls.o
 .debug_macro   0x000342d3       0x10 build/src/syscalls.o
 .debug_macro   0x000342e3       0x1c build/src/syscalls.o
 .debug_macro   0x000342ff       0x52 build/src/syscalls.o
 .debug_macro   0x00034351       0x22 build/src/syscalls.o
 .debug_macro   0x00034373       0x10 build/src/syscalls.o
 .debug_macro   0x00034383       0x52 build/src/syscalls.o
 .debug_macro   0x000343d5       0xcf build/src/syscalls.o
 .debug_macro   0x000344a4       0x1c build/src/syscalls.o
 .debug_macro   0x000344c0       0x3d build/src/syscalls.o
 .debug_macro   0x000344fd       0x35 build/src/syscalls.o
 .debug_macro   0x00034532      0x12c build/src/syscalls.o
 .debug_macro   0x0003465e       0x16 build/src/syscalls.o
 .debug_macro   0x00034674       0x16 build/src/syscalls.o
 .debug_macro   0x0003468a       0x29 build/src/syscalls.o
 .debug_macro   0x000346b3       0x10 build/src/syscalls.o
 .debug_macro   0x000346c3      0x242 build/src/syscalls.o
 .debug_macro   0x00034905       0x1c build/src/syscalls.o
 .debug_macro   0x00034921       0x10 build/src/syscalls.o
 .debug_macro   0x00034931       0x10 build/src/syscalls.o
 .debug_macro   0x00034941       0x16 build/src/syscalls.o
 .debug_macro   0x00034957      0x170 build/src/syscalls.o
 .debug_macro   0x00034ac7      0x18a build/src/syscalls.o
 .debug_macro   0x00034c51       0x16 build/src/syscalls.o
 .debug_macro   0x00034c67       0xce build/src/syscalls.o
 .debug_macro   0x00034d35      0x26b build/src/gpio.o
 .debug_macro   0x00034fa0      0x26b build/src/dma.o
 .debug_macro   0x0003520b      0x26b build/src/fdcan.o
 .debug_macro   0x00035476      0x26b build/src/usart.o
 .debug_macro   0x000356e1      0x26b build/src/stm32h7xx_it.o
 .debug_macro   0x0003594c      0x261 build/src/stm32h7xx_hal_msp.o
 .debug_macro   0x00035bad      0x281 build/Drivers/STM32H7xx_HAL_Driver/Src/stm32h7xx_hal.o
 .debug_macro   0x00035e2e      0x257 build/Drivers/STM32H7xx_HAL_Driver/Src/stm32h7xx_hal_cortex.o
 .debug_macro   0x00036085      0x27b build/Drivers/STM32H7xx_HAL_Driver/Src/stm32h7xx_hal_rcc.o
 .debug_macro   0x00036300      0x275 build/Drivers/STM32H7xx_HAL_Driver/Src/stm32h7xx_hal_rcc_ex.o
 .debug_macro   0x00036575      0x25e build/Drivers/STM32H7xx_HAL_Driver/Src/stm32h7xx_hal_gpio.o
 .debug_macro   0x000367d3      0x31c build/Drivers/STM32H7xx_HAL_Driver/Src/stm32h7xx_hal_fdcan.o
 .debug_macro   0x00036aef      0x282 build/Drivers/STM32H7xx_HAL_Driver/Src/stm32h7xx_hal_uart.o
 .debug_macro   0x00036d71      0x263 build/Drivers/STM32H7xx_HAL_Driver/Src/stm32h7xx_hal_uart_ex.o
 .debug_macro   0x00036fd4      0x2ab build/Drivers/STM32H7xx_HAL_Driver/Src/stm32h7xx_hal_dma.o

.debug_line     0x00000000    0x10aa6
 .debug_line    0x00000000      0x5ad build/src/main.o
 .debug_line    0x000005ad      0x6b4 build/src/system_stm32h7xx.o
 .debug_line    0x00000c61      0x55c build/src/syscalls.o
 .debug_line    0x000011bd      0x4f6 build/src/gpio.o
 .debug_line    0x000016b3      0x4d4 build/src/dma.o
 .debug_line    0x00001b87      0x59e build/src/fdcan.o
 .debug_line    0x00002125      0x5c8 build/src/usart.o
 .debug_line    0x000026ed      0x629 build/src/stm32h7xx_it.o
 .debug_line    0x00002d16      0x4d5 build/src/stm32h7xx_hal_msp.o
 .debug_line    0x000031eb      0xa8c build/Drivers/STM32H7xx_HAL_Driver/Src/stm32h7xx_hal.o
 .debug_line    0x00003c77      0xabb build/Drivers/STM32H7xx_HAL_Driver/Src/stm32h7xx_hal_cortex.o
 .debug_line    0x00004732     0x105c build/Drivers/STM32H7xx_HAL_Driver/Src/stm32h7xx_hal_rcc.o
 .debug_line    0x0000578e     0x19f8 build/Drivers/STM32H7xx_HAL_Driver/Src/stm32h7xx_hal_rcc_ex.o
 .debug_line    0x00007186      0x964 build/Drivers/STM32H7xx_HAL_Driver/Src/stm32h7xx_hal_gpio.o
 .debug_line    0x00007aea     0x254a build/Drivers/STM32H7xx_HAL_Driver/Src/stm32h7xx_hal_fdcan.o
 .debug_line    0x0000a034     0x3b59 build/Drivers/STM32H7xx_HAL_Driver/Src/stm32h7xx_hal_uart.o
 .debug_line    0x0000db8d      0xb2a build/Drivers/STM32H7xx_HAL_Driver/Src/stm32h7xx_hal_uart_ex.o
 .debug_line    0x0000e6b7     0x23ef build/Drivers/STM32H7xx_HAL_Driver/Src/stm32h7xx_hal_dma.o

.debug_str      0x00000000   0x15b6ea
 .debug_str     0x00000000   0x152d0b build/src/main.o
                             0x15312e (size before relaxing)
 .debug_str     0x00152d0b      0x549 build/src/system_stm32h7xx.o
                             0x1532cf (size before relaxing)
 .debug_str     0x00153254     0x27b7 build/src/syscalls.o
                               0x9396 (size before relaxing)
 .debug_str     0x00155a0b       0x8b build/src/gpio.o
                             0x15305a (size before relaxing)
 .debug_str     0x00155a96      0x7ee build/src/dma.o
                             0x1537db (size before relaxing)
 .debug_str     0x00156284      0x807 build/src/fdcan.o
                             0x154159 (size before relaxing)
 .debug_str     0x00156a8b      0x5c4 build/src/usart.o
                             0x1542d1 (size before relaxing)
 .debug_str     0x0015704f      0x180 build/src/stm32h7xx_it.o
                             0x15392f (size before relaxing)
 .debug_str     0x001571cf       0x24 build/src/stm32h7xx_hal_msp.o
                             0x152f8f (size before relaxing)
 .debug_str     0x001571f3      0x7f6 build/Drivers/STM32H7xx_HAL_Driver/Src/stm32h7xx_hal.o
                             0x1541dd (size before relaxing)
 .debug_str     0x001579e9      0x361 build/Drivers/STM32H7xx_HAL_Driver/Src/stm32h7xx_hal_cortex.o
                             0x153c18 (size before relaxing)
 .debug_str     0x00157d4a      0x22b build/Drivers/STM32H7xx_HAL_Driver/Src/stm32h7xx_hal_rcc.o
                             0x153662 (size before relaxing)
 .debug_str     0x00157f75      0x648 build/Drivers/STM32H7xx_HAL_Driver/Src/stm32h7xx_hal_rcc_ex.o
                             0x153b43 (size before relaxing)
 .debug_str     0x001585bd       0xd6 build/Drivers/STM32H7xx_HAL_Driver/Src/stm32h7xx_hal_gpio.o
                             0x15327e (size before relaxing)
 .debug_str     0x00158693     0x1bb9 build/Drivers/STM32H7xx_HAL_Driver/Src/stm32h7xx_hal_fdcan.o
                             0x154fb5 (size before relaxing)
 .debug_str     0x0015a24c      0xa5b build/Drivers/STM32H7xx_HAL_Driver/Src/stm32h7xx_hal_uart.o
                             0x1541a3 (size before relaxing)
 .debug_str     0x0015aca7      0x26a build/Drivers/STM32H7xx_HAL_Driver/Src/stm32h7xx_hal_uart_ex.o
                             0x153763 (size before relaxing)
 .debug_str     0x0015af11      0x7d9 build/Drivers/STM32H7xx_HAL_Driver/Src/stm32h7xx_hal_dma.o
                             0x153a01 (size before relaxing)

.comment        0x00000000       0x45
 .comment       0x00000000       0x45 build/src/main.o
                                 0x46 (size before relaxing)
 .comment       0x00000045       0x46 build/src/system_stm32h7xx.o
 .comment       0x00000045       0x46 build/src/syscalls.o
 .comment       0x00000045       0x46 build/src/gpio.o
 .comment       0x00000045       0x46 build/src/dma.o
 .comment       0x00000045       0x46 build/src/fdcan.o
 .comment       0x00000045       0x46 build/src/usart.o
 .comment       0x00000045       0x46 build/src/stm32h7xx_it.o
 .comment       0x00000045       0x46 build/src/stm32h7xx_hal_msp.o
 .comment       0x00000045       0x46 build/Drivers/STM32H7xx_HAL_Driver/Src/stm32h7xx_hal.o
 .comment       0x00000045       0x46 build/Drivers/STM32H7xx_HAL_Driver/Src/stm32h7xx_hal_cortex.o
 .comment       0x00000045       0x46 build/Drivers/STM32H7xx_HAL_Driver/Src/stm32h7xx_hal_rcc.o
 .comment       0x00000045       0x46 build/Drivers/STM32H7xx_HAL_Driver/Src/stm32h7xx_hal_rcc_ex.o
 .comment       0x00000045       0x46 build/Drivers/STM32H7xx_HAL_Driver/Src/stm32h7xx_hal_gpio.o
 .comment       0x00000045       0x46 build/Drivers/STM32H7xx_HAL_Driver/Src/stm32h7xx_hal_fdcan.o
 .comment       0x00000045       0x46 build/Drivers/STM32H7xx_HAL_Driver/Src/stm32h7xx_hal_uart.o
 .comment       0x00000045       0x46 build/Drivers/STM32H7xx_HAL_Driver/Src/stm32h7xx_hal_uart_ex.o
 .comment       0x00000045       0x46 build/Drivers/STM32H7xx_HAL_Driver/Src/stm32h7xx_hal_dma.o

.ARM.attributes
                0x00000000       0x30
 .ARM.attributes
                0x00000000       0x32 build/src/main.o
 .ARM.attributes
                0x00000032       0x32 build/src/system_stm32h7xx.o
 .ARM.attributes
                0x00000064       0x32 build/src/syscalls.o
 .ARM.attributes
                0x00000096       0x32 build/src/gpio.o
 .ARM.attributes
                0x000000c8       0x32 build/src/dma.o
 .ARM.attributes
                0x000000fa       0x32 build/src/fdcan.o
 .ARM.attributes
                0x0000012c       0x32 build/src/usart.o
 .ARM.attributes
                0x0000015e       0x32 build/src/stm32h7xx_it.o
 .ARM.attributes
                0x00000190       0x32 build/src/stm32h7xx_hal_msp.o
 .ARM.attributes
                0x000001c2       0x32 build/Drivers/STM32H7xx_HAL_Driver/Src/stm32h7xx_hal.o
 .ARM.attributes
                0x000001f4       0x32 build/Drivers/STM32H7xx_HAL_Driver/Src/stm32h7xx_hal_cortex.o
 .ARM.attributes
                0x00000226       0x32 build/Drivers/STM32H7xx_HAL_Driver/Src/stm32h7xx_hal_rcc.o
 .ARM.attributes
                0x00000258       0x32 build/Drivers/STM32H7xx_HAL_Driver/Src/stm32h7xx_hal_rcc_ex.o
 .ARM.attributes
                0x0000028a       0x32 build/Drivers/STM32H7xx_HAL_Driver/Src/stm32h7xx_hal_gpio.o
 .ARM.attributes
                0x000002bc       0x32 build/Drivers/STM32H7xx_HAL_Driver/Src/stm32h7xx_hal_fdcan.o
 .ARM.attributes
                0x000002ee       0x32 build/Drivers/STM32H7xx_HAL_Driver/Src/stm32h7xx_hal_uart.o
 .ARM.attributes
                0x00000320       0x32 build/Drivers/STM32H7xx_HAL_Driver/Src/stm32h7xx_hal_uart_ex.o
 .ARM.attributes
                0x00000352       0x32 build/Drivers/STM32H7xx_HAL_Driver/Src/stm32h7xx_hal_dma.o
 .ARM.attributes
                0x00000384       0x21 build/startup/startup_stm32h743xx.o
 .ARM.attributes
                0x000003a5       0x20 d:/gcc_arm/12.2 rel1/bin/../lib/gcc/arm-none-eabi/12.2.1/thumb/v7e-m+dp/hard\libgcc.a(_aeabi_uldivmod.o)
 .ARM.attributes
                0x000003c5       0x32 d:/gcc_arm/12.2 rel1/bin/../lib/gcc/arm-none-eabi/12.2.1/thumb/v7e-m+dp/hard\libgcc.a(_udivmoddi4.o)
 .ARM.attributes
                0x000003f7       0x20 d:/gcc_arm/12.2 rel1/bin/../lib/gcc/arm-none-eabi/12.2.1/thumb/v7e-m+dp/hard\libgcc.a(_dvmd_tls.o)
 .ARM.attributes
                0x00000417       0x32 d:/gcc_arm/12.2 rel1/bin/../lib/gcc/arm-none-eabi/12.2.1/thumb/v7e-m+dp/hard\libc_nano.a(libc_a-memset.o)
 .ARM.attributes
                0x00000449       0x32 d:/gcc_arm/12.2 rel1/bin/../lib/gcc/arm-none-eabi/12.2.1/thumb/v7e-m+dp/hard\libc_nano.a(libc_a-init.o)
 .ARM.attributes
                0x0000047b       0x32 d:/gcc_arm/12.2 rel1/bin/../lib/gcc/arm-none-eabi/12.2.1/thumb/v7e-m+dp/hard\libc_nano.a(libc_a-memcpy-stub.o)

.debug_frame    0x00000000     0x3a50
 .debug_frame   0x00000000       0x68 build/src/main.o
 .debug_frame   0x00000068       0x78 build/src/system_stm32h7xx.o
 .debug_frame   0x000000e0      0x2cc build/src/syscalls.o
 .debug_frame   0x000003ac       0x34 build/src/gpio.o
 .debug_frame   0x000003e0       0x34 build/src/dma.o
 .debug_frame   0x00000414       0x78 build/src/fdcan.o
 .debug_frame   0x0000048c       0x78 build/src/usart.o
 .debug_frame   0x00000504      0x1ac build/src/stm32h7xx_it.o
 .debug_frame   0x000006b0       0x38 build/src/stm32h7xx_hal_msp.o
 .debug_frame   0x000006e8      0x690 build/Drivers/STM32H7xx_HAL_Driver/Src/stm32h7xx_hal.o
 .debug_frame   0x00000d78      0x508 build/Drivers/STM32H7xx_HAL_Driver/Src/stm32h7xx_hal_cortex.o
 .debug_frame   0x00001280      0x1f8 build/Drivers/STM32H7xx_HAL_Driver/Src/stm32h7xx_hal_rcc.o
 .debug_frame   0x00001478      0x414 build/Drivers/STM32H7xx_HAL_Driver/Src/stm32h7xx_hal_rcc_ex.o
 .debug_frame   0x0000188c      0x14c build/Drivers/STM32H7xx_HAL_Driver/Src/stm32h7xx_hal_gpio.o
 .debug_frame   0x000019d8      0xf9c build/Drivers/STM32H7xx_HAL_Driver/Src/stm32h7xx_hal_fdcan.o
 .debug_frame   0x00002974      0xa94 build/Drivers/STM32H7xx_HAL_Driver/Src/stm32h7xx_hal_uart.o
 .debug_frame   0x00003408      0x2c0 build/Drivers/STM32H7xx_HAL_Driver/Src/stm32h7xx_hal_uart_ex.o
 .debug_frame   0x000036c8      0x2b4 build/Drivers/STM32H7xx_HAL_Driver/Src/stm32h7xx_hal_dma.o
 .debug_frame   0x0000397c       0x2c d:/gcc_arm/12.2 rel1/bin/../lib/gcc/arm-none-eabi/12.2.1/thumb/v7e-m+dp/hard\libgcc.a(_aeabi_uldivmod.o)
 .debug_frame   0x000039a8       0x34 d:/gcc_arm/12.2 rel1/bin/../lib/gcc/arm-none-eabi/12.2.1/thumb/v7e-m+dp/hard\libgcc.a(_udivmoddi4.o)
 .debug_frame   0x000039dc       0x20 d:/gcc_arm/12.2 rel1/bin/../lib/gcc/arm-none-eabi/12.2.1/thumb/v7e-m+dp/hard\libc_nano.a(libc_a-memset.o)
 .debug_frame   0x000039fc       0x2c d:/gcc_arm/12.2 rel1/bin/../lib/gcc/arm-none-eabi/12.2.1/thumb/v7e-m+dp/hard\libc_nano.a(libc_a-init.o)
 .debug_frame   0x00003a28       0x28 d:/gcc_arm/12.2 rel1/bin/../lib/gcc/arm-none-eabi/12.2.1/thumb/v7e-m+dp/hard\libc_nano.a(libc_a-memcpy-stub.o)

.debug_line_str
                0x00000000       0xd5
 .debug_line_str
                0x00000000       0xc9 d:/gcc_arm/12.2 rel1/bin/../lib/gcc/arm-none-eabi/12.2.1/thumb/v7e-m+dp/hard\libgcc.a(_aeabi_uldivmod.o)
 .debug_line_str
                0x000000c9        0xc d:/gcc_arm/12.2 rel1/bin/../lib/gcc/arm-none-eabi/12.2.1/thumb/v7e-m+dp/hard\libgcc.a(_dvmd_tls.o)
                                 0xcd (size before relaxing)
